// Jest Snapshot v1, https://goo.gl/fbAQLP

exports[`render Footer 1`] = `
<header
  className="page-header movie-card__head"
>
  <div
    className="logo"
  >
    <a
      className="logo__link"
      href="/"
      onClick={[Function]}
    >
      <span
        className="logo__letter logo__letter--1"
      >
        W
      </span>
      <span
        className="logo__letter logo__letter--2"
      >
        T
      </span>
      <span
        className="logo__letter logo__letter--3"
      >
        W
      </span>
    </a>
  </div>
  <a
    className="user-block"
    href="/mylist"
    onClick={[Function]}
  >
    <div
      className="user-block__avatar"
    >
      <img
        alt="Yo"
        height="63"
        src="/pic1.jpg"
        width="63"
      />
    </div>
  </a>
  <div
    className="user-block"
  >
    <button
      className="user-block__link btn"
      onClick={[Function]}
    >
      Logout
    </button>
  </div>
</header>
`;
